// Vitest Snapshot v1

exports[`sizeSelector Component > Render Correctly 1`] = `
"<div class=\\"flex flex-row gap-1 sm:gap-2 items-center justify-center mx-auto\\"><button class=\\"bg-white w-1/2 sm:w-12 border border-black rounded p-2\\">
    <h3 class=\\"text-center text-xs sm:text-base\\">XS</h3>
  </button><button class=\\"bg-white w-1/2 sm:w-12 border border-black rounded p-2\\">
    <h3 class=\\"text-center text-xs sm:text-base\\">S</h3>
  </button><button class=\\"bg-white w-1/2 sm:w-12 border border-black rounded p-2\\">
    <h3 class=\\"text-center text-xs sm:text-base\\">M</h3>
  </button><button class=\\"bg-white w-1/2 sm:w-12 border border-black rounded p-2\\">
    <h3 class=\\"text-center text-xs sm:text-base\\">L</h3>
  </button><button class=\\"bg-white w-1/2 sm:w-12 border border-black rounded p-2\\">
    <h3 class=\\"text-center text-xs sm:text-base\\">XL</h3>
  </button><button class=\\"bg-white w-1/2 sm:w-12 border border-black rounded p-2\\">
    <h3 class=\\"text-center text-xs sm:text-base\\">XXL</h3>
  </button></div>"
`;
